WARNING We were not able to gather informations for all systems. Systems marked with question marks have either crashed or were not started yet.
            module  nodes ns/day  run time [min]    gpu   host ncores
0   gromacs/2016.3      1      ?              15  False  draco      ?
1   gromacs/2016.3      2      ?              15  False  draco      ?
2   gromacs/2016.3      3      ?              15  False  draco      ?
3   gromacs/2016.3      4      ?              15  False  draco      ?
4   gromacs/2016.3      5      ?              15  False  draco      ?
5   gromacs/2016.3      6      ?              15  False  draco      ?
6   gromacs/2016.3      7      ?              15  False  draco      ?
7   gromacs/2016.3      8      ?              15  False  draco      ?
8   gromacs/2016.3      9      ?              15  False  draco      ?
9   gromacs/2016.3     10      ?              15  False  draco      ?
10  gromacs/2016.3     11      ?              15  False  draco      ?
11  gromacs/2016.3     12      ?              15  False  draco      ?
12  gromacs/2016.3     13      ?              15  False  draco      ?
13  gromacs/2016.3     14      ?              15  False  draco      ?
14  gromacs/2016.3     15      ?              15  False  draco      ?
15  gromacs/2016.3     16      ?              15  False  draco      ?
16  gromacs/2016.3     17      ?              15  False  draco      ?
17  gromacs/2016.3     18      ?              15  False  draco      ?
18  gromacs/2016.3     19      ?              15  False  draco      ?
19  gromacs/2016.3     20      ?              15  False  draco      ?
20  gromacs/2016.3     21      ?              15  False  draco      ?
21  gromacs/2016.3     22      ?              15  False  draco      ?
22  gromacs/2016.3     23      ?              15  False  draco      ?
23  gromacs/2016.3     24      ?              15  False  draco      ?
24  gromacs/2016.3     25      ?              15  False  draco      ?
25  gromacs/2016.3     26      ?              15  False  draco      ?
26  gromacs/2016.3     27      ?              15  False  draco      ?
27  gromacs/2016.3     28      ?              15  False  draco      ?
28  gromacs/2016.3     29      ?              15  False  draco      ?
29  gromacs/2016.3     30      ?              15  False  draco      ?
30  gromacs/2016.3     31      ?              15  False  draco      ?
31  gromacs/2016.3     32      ?              15  False  draco      ?
32  gromacs/2016.3     33      ?              15  False  draco      ?
33  gromacs/2016.3     34      ?              15  False  draco      ?
34  gromacs/2016.3     35      ?              15  False  draco      ?
35  gromacs/2016.3     36      ?              15  False  draco      ?
36  gromacs/2016.3     37      ?              15  False  draco      ?
37  gromacs/2016.3     38      ?              15  False  draco      ?
38  gromacs/2016.3     39      ?              15  False  draco      ?
39  gromacs/2016.3     40      ?              15  False  draco      ?
40  gromacs/2016.3     41      ?              15  False  draco      ?
41  gromacs/2016.3     42      ?              15  False  draco      ?
42  gromacs/2016.3     43      ?              15  False  draco      ?
43  gromacs/2016.3     44      ?              15  False  draco      ?
44  gromacs/2016.3     45      ?              15  False  draco      ?
45  gromacs/2016.3     46      ?              15  False  draco      ?
46  gromacs/2016.3     47      ?              15  False  draco      ?
47  gromacs/2016.3     48      ?              15  False  draco      ?
48  gromacs/2016.3     49      ?              15  False  draco      ?
49  gromacs/2016.3     50      ?              15  False  draco      ?
50  gromacs/2016.3     51      ?              15  False  draco      ?
51  gromacs/2016.3     52      ?              15  False  draco      ?
52  gromacs/2016.3     53      ?              15  False  draco      ?
53  gromacs/2016.3     54      ?              15  False  draco      ?
54  gromacs/2016.3     55      ?              15  False  draco      ?
55  gromacs/2016.3     56      ?              15  False  draco      ?
56  gromacs/2016.3     57      ?              15  False  draco      ?
57  gromacs/2016.3     58      ?              15  False  draco      ?
58  gromacs/2016.3     59      ?              15  False  draco      ?
59  gromacs/2016.3     60      ?              15  False  draco      ?
60  gromacs/2016.3     61      ?              15  False  draco      ?
61  gromacs/2016.3     62      ?              15  False  draco      ?
62  gromacs/2016.3     63      ?              15  False  draco      ?
63  gromacs/2016.3     64      ?              15  False  draco      ?
